// Jest Snapshot v1, https://goo.gl/fbAQLP

exports[`Connected ListArticleComponent Component Dispatches Success it should render the connected component 1`] = `
<Provider
  store={
    Object {
      "clearActions": [Function],
      "dispatch": [Function],
      "getActions": [Function],
      "getState": [Function],
      "replaceReducer": [Function],
      "subscribe": [Function],
    }
  }
>
  <Connect(PureLifecycle(ListArticleComponent))
    articleData={
      Object {
        "Arts": Array [
          Object {
            "title": "first article",
          },
        ],
      }
    }
  >
    <PureLifecycle(ListArticleComponent)
      appendArticleData={[Function]}
      errorMessage=""
      fetchArticle={[Function]}
      fetchArticleState=""
      setCategory={[Function]}
    >
      <ListArticleComponent
        appendArticleData={[Function]}
        errorMessage=""
        fetchArticle={[Function]}
        fetchArticleState=""
        setCategory={[Function]}
      >
        <div
          className="container"
          id="liArticleContainer"
        >
          <div
            className="col s12 center-align"
          >
            <h3 />
          </div>
          <div
            className="row"
          />
        </div>
      </ListArticleComponent>
    </PureLifecycle(ListArticleComponent)>
  </Connect(PureLifecycle(ListArticleComponent))>
</Provider>
`;

exports[`fetchArticleReducers should render the component 1`] = `
<ListArticleComponent
  fetchArticle={
    [MockFunction] {
      "calls": Array [
        Array [
          "Science",
          1,
        ],
      ],
      "results": Array [
        Object {
          "type": "return",
          "value": undefined,
        },
      ],
    }
  }
/>
`;
