// Jest Snapshot v1, https://goo.gl/fbAQLP

exports[`fetchArticleReducers should render the component 1`] = `
<ListArticleComponent
  articleData={
    Object {
      "Science": Array [],
    }
  }
  fetchArticle={
    [MockFunction] {
      "calls": Array [
        Array [
          "Science",
          1,
        ],
      ],
      "results": Array [
        Object {
          "type": "return",
          "value": undefined,
        },
      ],
    }
  }
  location={
    Object {
      "pathname": "/articles/Science",
    }
  }
  setCategory={
    [MockFunction] {
      "calls": Array [
        Array [
          "Science",
        ],
      ],
      "results": Array [
        Object {
          "type": "return",
          "value": undefined,
        },
      ],
    }
  }
/>
`;
