// Jest Snapshot v1, https://goo.gl/fbAQLP

exports[` PROFILE TEST SUITE  Profile Component should render Profile container component 1`] = `
<ContextConsumer>
  <Component />
</ContextConsumer>
`;

exports[` PROFILE TEST SUITE  Profile Component should render Profile dumb component 1`] = `
<div>
  <div
    className="container"
  >
    <h2
      className="center-align headlinesProfile"
    >
       PROFILE 
    </h2>
  </div>
  <div
    className="row from-top"
  >
    <div
      className="col s12 m1 l1"
    />
    <div
      className="col s12 m6 l3"
    >
      <div
        className="card small"
      >
        <div
          className="card-image"
        >
          <img
            alt="profilepicture"
            className="activator"
          />
           
        </div>
        <div
          className="card-content"
        >
          <span
            className="card-title activator grey-text text-darken-4"
          >
             
            <i
              className="material-icons right"
            >
              more_vert
            </i>
          </span>
        </div>
        <div
          className="card-reveal"
        >
          <span
            className="card-title grey-text text-darken-4"
          >
            You Are Viewing
            <i
              className="material-icons right"
            >
              close
            </i>
          </span>
          <p>
            SARAH GOBLIN PROFILE
          </p>
        </div>
      </div>
    </div>
    <div
      className="col s12 m5 l2 move-top"
      id="details"
    >
      <div
        className="card small z-depth-0"
      >
        <div
          className="card-content"
        >
          Articles :     
           
          3
           
          <br />
          <br />
           
          <br />
          Following :  
           
           
          <br />
          <br />
           
          <br />
          Followers :  
           
           
          <br />
          <br />
           
          <br />
          Mentor       
           
          <br />
          <br />
          <br />
        </div>
      </div>
    </div>
    <div
      className="col s12 m12 l5 move-top"
    >
      <div
        className="card small z-depth-0"
      >
        <div
          className="card-content"
        >
          <span
            className="headlines"
          >
            BIOGRAPHY
          </span>
          <br />
          <span
            id="bio"
          />
        </div>
        <a
          className="btn modal-trigger btncolor"
          href="#modal1"
          id="shift"
        >
          Update Profile
        </a>
        <div
          className="modal modal-fixed-footer"
          id="modal1"
        >
          <div
            className="modal-content"
            id="cardpad"
          >
            <div
              className="row"
            >
              <div
                className="col s12 m6 l6"
              >
                <div
                  className="card small"
                >
                  <div
                    className="card-image removespace"
                  >
                    <img
                      alt="profilepicture"
                      src={Object {}}
                    />
                  </div>
                  <div
                    className="card-tabs"
                  >
                    <form
                      onSubmit={[Function]}
                    >
                      <div
                        className="file-field input-field"
                      >
                        <div
                          className="btn btncolor"
                          id="centralize"
                        >
                          <span>
                            Change Photo
                          </span>
                          <input
                            id="img"
                            name="profilepix"
                            onChange={[Function]}
                            type="file"
                          />
                          <br />
                        </div>
                      </div>
                      <button
                        className="btn btncolor"
                        id="centralize"
                        type="submit"
                      >
                        Upload
                      </button>
                    </form>
                  </div>
                </div>
              </div>
              <form
                className="col s12 m6 l6"
                onSubmit={[Function]}
              >
                <div
                  className="row"
                >
                  <div
                    className="input-field col s12"
                  >
                    <i
                      className="material-icons prefix color-ions"
                    >
                      account_circle
                    </i>
                    <input
                      className="validate"
                      id="icon_prefix"
                      name="firstName"
                      type="text"
                    />
                    <label
                      htmlFor="icon_prefix"
                    >
                      First Name
                    </label>
                  </div>
                  <div
                    className="input-field col s12"
                  >
                    <i
                      className="material-icons prefix color-ions"
                    >
                      account_circle
                    </i>
                    <input
                      className="validate"
                      id="icon_telephone"
                      name="lastName"
                      type="text"
                    />
                    <label
                      htmlFor="icon_telephone"
                    >
                      Last Name
                    </label>
                  </div>
                  <div
                    className="input-field col s12"
                  >
                    <i
                      className="material-icons prefix color-ions"
                    >
                      favorite
                    </i>
                    <input
                      className="validate"
                      id="icon_telephone"
                      name="interest"
                      type="text"
                    />
                    <label
                      htmlFor="icon_telephone"
                    >
                      Interest
                    </label>
                  </div>
                  <div
                    className="input-field col s12"
                  >
                    <i
                      className="material-icons prefix color-ions"
                    >
                      mode_edit
                    </i>
                    <textarea
                      className="materialize-textarea"
                      id="textarea1"
                      name="bio"
                    />
                    <label
                      htmlFor="textarea1"
                    >
                      Biography
                    </label>
                  </div>
                  <button
                    className="btn waves-effect waves-light btncolor"
                    id="shiftupdate"
                    name="action"
                    type="submit"
                  >
                    Update
                    <i
                      className="material-icons right"
                    >
                      send
                    </i>
                  </button>
                </div>
              </form>
            </div>
          </div>
        </div>
      </div>
    </div>
    <div
      col={true}
      l1={true}
      m6={true}
      s12={true}
    />
  </div>
  <div>
    <div
      className="row horizontalrule"
    >
      <div
        className="col s12 m6 l4"
      />
      <div
        className="col s12 m6 l7"
      >
        <hr />
      </div>
      <div
        className="col s12 m6 l1"
      />
    </div>
  </div>
  <div>
    <div
      className="row move-top2"
    >
      <div
        className="col l4"
      />
      <div
        className="col s12 m12 l8"
      >
        <span
          className="headlines"
          id="topic"
        >
          TOP FIVE ARTICLES
        </span>
        <div
          id="topArticles"
        >
          <p>
            <a
              href="#!"
            />
          </p>
        </div>
      </div>
    </div>
  </div>
</div>
`;
