// Jest Snapshot v1, https://goo.gl/fbAQLP

exports[` PROFILE TEST SUITE  Profile Component should render Profile container component 1`] = `
<ContextConsumer>
  <Component />
</ContextConsumer>
`;

exports[` PROFILE TEST SUITE  Profile Component should render Profile dumb component 1`] = `
<div>
  <div
    className="container"
  >
    <h2
      className="center-align profile-headlinesProfile"
    >
       PROFILE 
    </h2>
  </div>
  <div
    className="row profile-from-top"
  >
    <div
      className="col s12 m1 l1"
    />
    <div
      className="col s12 m6 l3"
    >
      <div
        className="card small"
      >
        <div
          className="card-image profile.card .card-image"
        >
          <img
            alt="profilepicture"
            className="activator "
            id="profile-image-size"
            src="https//imageurl"
          />
        </div>
        <div
          className="card-content"
        >
          <span
            className="card-title activator grey-text text-darken-4"
          >
            Daniel
             
            Jacks
            <i
              className="material-icons right"
            >
              more_vert
            </i>
          </span>
        </div>
        <div
          className="card-reveal"
        >
          <span
            className="card-title grey-text text-darken-4"
          >
            You Are Viewing
            <i
              className="material-icons right"
            >
              close
            </i>
          </span>
          <p>
            Daniel
             
            Jacks
          </p>
        </div>
      </div>
    </div>
    <div
      className="col s12 m5 l2 profile-move-top"
      id="profile-details"
    >
      <div
        className="card small z-depth-0"
      >
        <div
          className="card-content"
        >
          Articles :     
           
          0
          <br />
          <br />
           
          <br />
          Following :  
           
          0
           
          <br />
          <br />
           
          <br />
          Followers :  
           
          0
           
          <br />
          <br />
           
          <br />
          Mentor :     
          False
          <br />
          <br />
          <br />
        </div>
      </div>
    </div>
    <div
      className="col s12 m12 l5 profile-move-top"
    >
      <div
        className="card small z-depth-0"
      >
        <div
          className="card-content"
        >
          <span
            className="profile-headlines"
          >
            BIOGRAPHY
          </span>
          <br />
          <span
            id="profile-bio"
          >
            D3 developer
          </span>
        </div>
        <Modal
          actions={
            Array [
              <Button
                flat={true}
                modal="close"
                node="button"
                waves="light"
              >
                Close
              </Button>,
            ]
          }
          bottomSheet={false}
          fixedFooter={false}
          modalOptions={Object {}}
          trigger={
            <Button
              className="profile-btncolor"
              node="button"
            >
              UPDATE PROFILE
            </Button>
          }
        >
          <ProfileEdit
            displayImage={[Function]}
            handleSubmit={[Function]}
            imageSelected=""
            profileData={
              Object {
                "data": Object {
                  "bio": "D3 developer",
                  "firstName": "Daniel",
                  "imageUrl": "https://res.cloudinary.com/hba821/image/upload/v1550833205/xawy05cllyblxlh0ihja.jpg",
                  "lastName": "Jacks",
                  "message": "Login was successful",
                  "notifications": Array [],
                  "token": "ImlhdCI6M._DqYpAJGxzDePz6uI",
                  "username": "audu9habib",
                },
              }
            }
            profilepicture={Object {}}
            returnedData={
              Object {
                "articles": Object {
                  "top": Array [],
                  "total": 0,
                },
                "bio": "D3 developer",
                "firstName": "Daniel",
                "followers": 0,
                "following": 0,
                "imageUrl": "https://res.cloudinary.com/hba821/image/upload/v1550833205/xawy05cllyblxlh0ihja.jpg",
                "lastName": "Jacks",
                "message": "Login was successful",
                "notifications": Array [],
                "token": "ImlhdCI6M._DqYpAJGxzDePz6uI",
                "username": "audu9habib",
              }
            }
            updateStatus={
              Object {
                "newProfileDetails": Object {
                  "data": Object {
                    "bio": "Software developer at andela",
                    "firstName": "Habib",
                    "interest": "Arts",
                    "lastName": "moses",
                  },
                },
              }
            }
            uploadPicture={[Function]}
            uploadStatus={
              Object {
                "newProfileUrl": "https//imageurl",
              }
            }
          />
        </Modal>
      </div>
    </div>
    <div
      col={true}
      l1={true}
      m6={true}
      s12={true}
    />
  </div>
  <div>
    <div
      className="row profile-horizontalrule"
    >
      <div
        className="col s12 m6 l4"
      />
      <div
        className="col s12 m6 l7"
      >
        <hr />
      </div>
      <div
        className="col s12 m6 l1"
      />
    </div>
  </div>
  <div>
    <div
      className="row profile-move-top2"
    >
      <div
        className="col l4"
      />
      <div
        className="col s12 m12 l8"
      >
        <span
          className="profile-headlines"
          id="profile-topic"
        >
          TOP FIVE ARTICLES
        </span>
        <div
          id="profile-topArticles"
        />
      </div>
    </div>
  </div>
</div>
`;
