// Jest Snapshot v1, https://goo.gl/fbAQLP

exports[` Component should render the NavBar 1`] = `
<div>
  <div
    className="container"
  >
    <h2
      className="center-align headlinesProfile"
    >
       PROFILE 
    </h2>
  </div>
  <div
    className="row from-top"
  >
    <div
      className="col s12 m1 l1"
    />
    <div
      className="col s12 m6 l3"
    >
      <div
        className="card small"
      >
        <div
          className="card-image"
        >
          <img
            alt="profilepicture"
            className="activator"
            src={Object {}}
          />
        </div>
        <div
          className="card-content"
        >
          <span
            className="card-title activator grey-text text-darken-4"
          >
            SARAH GOBLIN
            <i
              className="material-icons right"
            >
              more_vert
            </i>
          </span>
        </div>
        <div
          className="card-reveal"
        >
          <span
            className="card-title grey-text text-darken-4"
          >
            You Are Viewing
            <i
              className="material-icons right"
            >
              close
            </i>
          </span>
          <p>
            SARAH GOBLIN PROFILE
          </p>
        </div>
      </div>
    </div>
    <div
      className="col s12 m5 l2 move-top"
      id="details"
    >
      <div
        className="card small z-depth-0"
      >
        <div
          className="card-content"
        >
          Interest :  Mathematics 
          <br />
          <br />
           
          <br />
          Articles :  25 
          <br />
          <br />
           
          <br />
          Following :  100 
          <br />
          <br />
           
          <br />
          Followers :  25 
          <br />
          <br />
           
          <br />
          Mentor       
          <i
            className="material-icons prefix"
          >
            check_box
          </i>
          <br />
          <br />
          <br />
        </div>
      </div>
    </div>
    <div
      className="col s12 m12 l5 move-top"
    >
      <div
        className="card small z-depth-0"
      >
        <div
          className="card-content"
        >
          <span
            className="headlines"
          >
            BIOGRAPHY
          </span>
          <br />
          <span
            id="bio"
          >
            Lorem ipsum dolor sit amet, consectetur adipiscing el ea commodo consequat. Duis aute irure dolor in reprehLorem ipsum dolor sit amet, consectetur adipiscing el ea commodo consequat. Duis aute irure dolor in repreh
          </span>
        </div>
        <a
          className="btn modal-trigger btncolor"
          href="#modal1"
          id="shift"
        >
          Update Profile
        </a>
        <div
          className="modal modal-fixed-footer"
          id="modal1"
        >
          <div
            className="modal-content"
            id="cardpad"
          >
            <div
              className="row"
            >
              <div
                className="col s12 m6 l6"
              >
                <div
                  className="card small"
                >
                  <div
                    className="card-image removespace"
                  >
                    <img
                      alt="profilepicture"
                      src={Object {}}
                    />
                  </div>
                  <div
                    className="card-tabs"
                  >
                    <form
                      action="#"
                    >
                      <div
                        className="file-field input-field"
                      >
                        <div
                          className="btn btncolor"
                          id="centralize"
                        >
                          <span>
                            Edit Photo
                          </span>
                          <input
                            multiple={true}
                            type="file"
                          />
                        </div>
                      </div>
                    </form>
                  </div>
                </div>
              </div>
              <form
                className="col s12 m6 l6"
              >
                <div
                  className="row"
                >
                  <div
                    className="input-field col s12"
                  >
                    <i
                      className="material-icons prefix color-ions"
                    >
                      account_circle
                    </i>
                    <input
                      className="validate"
                      id="icon_prefix"
                      type="text"
                    />
                    <label
                      htmlFor="icon_prefix"
                    >
                      First Name
                    </label>
                  </div>
                  <div
                    className="input-field col s12"
                  >
                    <i
                      className="material-icons prefix color-ions"
                    >
                      account_circle
                    </i>
                    <input
                      className="validate"
                      id="icon_telephone"
                      type="tel"
                    />
                    <label
                      htmlFor="icon_telephone"
                    >
                      Last Name
                    </label>
                  </div>
                  <div
                    className="input-field col s12"
                  >
                    <i
                      className="material-icons prefix color-ions"
                    >
                      favorite
                    </i>
                    <input
                      className="validate"
                      id="icon_telephone"
                      type="tel"
                    />
                    <label
                      htmlFor="icon_telephone"
                    >
                      Interest
                    </label>
                  </div>
                  <div
                    className="input-field col s12"
                  >
                    <i
                      className="material-icons prefix color-ions"
                    >
                      mode_edit
                    </i>
                    <textarea
                      className="materialize-textarea"
                      id="textarea1"
                    />
                    <label
                      htmlFor="textarea1"
                    >
                      Biography
                    </label>
                  </div>
                  <button
                    className="btn waves-effect waves-light btncolor"
                    id="shiftupdate"
                    name="action"
                    type="submit"
                  >
                    Update
                    <i
                      className="material-icons right"
                    >
                      send
                    </i>
                  </button>
                </div>
              </form>
            </div>
          </div>
        </div>
      </div>
    </div>
    <div
      col={true}
      l1={true}
      m6={true}
      s12={true}
    />
  </div>
  <div>
    <div
      className="row horizontalrule"
    >
      <div
        className="col s12 m6 l4"
      />
      <div
        className="col s12 m6 l7"
      >
        <hr />
      </div>
      <div
        className="col s12 m6 l1"
      />
    </div>
  </div>
  <div>
    <div
      className="row move-top2"
    >
      <div
        className="col l4"
      />
      <div
        className="col s12 m12 l8"
      >
        <span
          className="headlines"
          id="topic"
        >
          TOP FIVE ARTICLES
        </span>
        <div
          id="topArticles"
        >
          <p>
            <a
              href="#!"
            >
              The Importance of Educating The girl Child Adults
            </a>
          </p>
          <p>
            <a
              href="#!"
            >
              Apples And its many many Benefits
            </a>
          </p>
          <p>
            <a
              href="#!"
            >
              The story of a young black girl
            </a>
          </p>
          <p>
            <a
              href="#!"
            >
              This is Africa And we are not afriad
            </a>
          </p>
          <p>
            <a
              href="#!"
            >
              The courage that makes Lion the king of the jungle
            </a>
          </p>
        </div>
      </div>
    </div>
  </div>
</div>
`;
